This is pdfTeX, Version 3.141592653-2.6-1.40.29 (TeX Live 2026) (preloaded format=pdflatex 2026.5.26)  1 SEP 2026 02:37
entering extended mode
 restricted \write18 enabled.
 %&-line parsing enabled.
**guia_entrevista_senior_enigma_focus.tex
(./guia_entrevista_senior_enigma_focus.tex
LaTeX2e <2025-11-01>
L3 programming layer <2026-05-15>
(/home/enigma/.TinyTeX/texmf-dist/tex/latex/base/report.cls
Document Class: report 2025/01/22 v1.4n Standard LaTeX document class
(/home/enigma/.TinyTeX/texmf-dist/tex/latex/base/size11.clo
File: size11.clo 2025/01/22 v1.4n Standard LaTeX file (size option)
)
\c@part=\count276
\c@chapter=\count277
\c@section=\count278
\c@subsection=\count279
\c@subsubsection=\count280
\c@paragraph=\count281
\c@subparagraph=\count282
\c@figure=\count283
\c@table=\count284
\abovecaptionskip=\skip49
\belowcaptionskip=\skip50
\bibindent=\dimen150
) (/home/enigma/.TinyTeX/texmf-dist/tex/latex/base/inputenc.sty
Package: inputenc 2024/02/08 v1.3d Input encoding file
\inpenc@prehook=\toks17
\inpenc@posthook=\toks18
) (/home/enigma/.TinyTeX/texmf-dist/tex/latex/base/fontenc.sty
Package: fontenc 2025/07/18 v2.1d Standard LaTeX package
) (/home/enigma/.TinyTeX/texmf-dist/tex/generic/babel/babel.sty
Package: babel 2026/05/20 v26.8 The multilingual framework for LuaLaTeX, pdfLaTeX and XeLaTeX
\babel@savecnt=\count285
LaTeX Encoding Info:    Redeclaring text command \ij (encoding OT1) on input line 2084.
LaTeX Encoding Info:    Redeclaring text command \IJ (encoding OT1) on input line 2086.
LaTeX Encoding Info:    Redeclaring text command \ij (encoding T1) on input line 2088.
LaTeX Encoding Info:    Redeclaring text command \IJ (encoding T1) on input line 2089.
LaTeX Encoding Info:    Ignoring declaration for text command \ij (encoding ?) on input line 2090.
LaTeX Encoding Info:    Ignoring declaration for text command \IJ (encoding ?) on input line 2092.
LaTeX Encoding Info:    Ignoring declaration for text command \SS (encoding ?) on input line 2117.
\U@D=\dimen151
\l@unhyphenated=\language3
 (/home/enigma/.TinyTeX/texmf-dist/tex/generic/babel/txtbabel.def)
\bbl@readstream=\read2
\bbl@dirlevel=\count286
 (/home/enigma/.TinyTeX/texmf-dist/tex/generic/babel/locale/es/babel-spanish.tex)
Package babel Info: Importing font and identification data for spanish
(babel)             from babel-es.ini. Reported on input line 4356.
 (/home/enigma/.TinyTeX/texmf-dist/tex/generic/babel-spanish/spanish.ldf
Language: spanish.ldf 2021/05/27 v5.0q Spanish support from the babel system


Package babel Warning: No hyphenation patterns were preloaded for
(babel)                the language 'Spanish' into the format.
(babel)                Please, configure your TeX system to add them and
(babel)                rebuild the format. Now I will use the patterns
(babel)                preloaded for \language=0 instead on input line 51.

Package babel Info: Hyphen rules for 'spanish' set to \l@english
(babel)             (\language0). Reported on input line 52.
\es@quottoks=\toks19
\es@quotdepth=\count287
Package babel Info: Making " an active character on input line 570.
Package babel Info: Making . an active character on input line 675.
Package babel Info: Making < an active character on input line 722.
Package babel Info: Making > an active character on input line 722.
))
LaTeX Encoding Info:    Redeclaring text command \guillemotleft (encoding OT1) on input line 5.
LaTeX Encoding Info:    Redeclaring text command \guillemotright (encoding OT1) on input line 5.
 (/home/enigma/.TinyTeX/texmf-dist/tex/latex/roboto/roboto.sty
Package: roboto 2022/09/10 (Bob Tennent) Supports Roboto fonts for all LaTeX engines.
 (/home/enigma/.TinyTeX/texmf-dist/tex/generic/iftex/ifxetex.sty
Package: ifxetex 2019/10/25 v0.7 ifxetex legacy package. Use iftex instead.
 (/home/enigma/.TinyTeX/texmf-dist/tex/generic/iftex/iftex.sty
Package: iftex 2024/12/12 v1.0g TeX engine tests
)) (/home/enigma/.TinyTeX/texmf-dist/tex/generic/iftex/ifluatex.sty
Package: ifluatex 2019/10/25 v1.5 ifluatex legacy package. Use iftex instead.
) (/home/enigma/.TinyTeX/texmf-dist/tex/latex/xkeyval/xkeyval.sty
Package: xkeyval 2025/11/04 v2.10 package option processing (HA)
 (/home/enigma/.TinyTeX/texmf-dist/tex/generic/xkeyval/xkeyval.tex (/home/enigma/.TinyTeX/texmf-dist/tex/generic/xkeyval/xkvutils.tex
\XKV@toks=\toks20
\XKV@tempa@toks=\toks21
\XKV@tempb@toks=\toks22
 (/home/enigma/.TinyTeX/texmf-dist/tex/generic/xkeyval/keyval.tex))
\XKV@depth=\count288
File: xkeyval.tex 2014/12/03 v2.7a key=value parser (HA)
)) (/home/enigma/.TinyTeX/texmf-dist/tex/latex/base/textcomp.sty
Package: textcomp 2024/04/24 v2.1b Standard LaTeX package
) (/home/enigma/.TinyTeX/texmf-dist/tex/latex/base/fontenc.sty
Package: fontenc 2025/07/18 v2.1d Standard LaTeX package
) (/home/enigma/.TinyTeX/texmf-dist/tex/latex/fontaxes/fontaxes.sty
Package: fontaxes 2026-01-02 v2.0.2 Font selection axes (deprecated)
Applying: [0000-00-00] Fall back to v1 on input line 76.
 (/home/enigma/.TinyTeX/texmf-dist/tex/latex/fontaxes/fontaxes-v1.sty
Package: fontaxes 2020/07/21 v1.0e Font selection axes
LaTeX Info: Redefining \upshape on input line 29.
LaTeX Info: Redefining \itshape on input line 31.
LaTeX Info: Redefining \slshape on input line 33.
LaTeX Info: Redefining \swshape on input line 35.
LaTeX Info: Redefining \scshape on input line 37.
LaTeX Info: Redefining \sscshape on input line 39.
LaTeX Info: Redefining \ulcshape on input line 41.
LaTeX Info: Redefining \textsw on input line 47.
LaTeX Info: Redefining \textssc on input line 48.
LaTeX Info: Redefining \textulc on input line 49.
))) (/home/enigma/.TinyTeX/texmf-dist/tex/latex/geometry/geometry.sty
Package: geometry 2026/03/07 v6.0 Page Geometry
 (/home/enigma/.TinyTeX/texmf-dist/tex/generic/iftex/ifvtex.sty
Package: ifvtex 2019/10/25 v1.7 ifvtex legacy package. Use iftex instead.
)
\Gm@cnth=\count289
\Gm@cntv=\count290
\c@Gm@tempcnt=\count291
\Gm@bindingoffset=\dimen152
\Gm@wd@mp=\dimen153
\Gm@odd@mp=\dimen154
\Gm@even@mp=\dimen155
\Gm@layoutwidth=\dimen156
\Gm@layoutheight=\dimen157
\Gm@layouthoffset=\dimen158
\Gm@layoutvoffset=\dimen159
\Gm@dimlist=\toks23
) (/home/enigma/.TinyTeX/texmf-dist/tex/latex/xcolor/xcolor.sty
Package: xcolor 2024/09/29 v3.02 LaTeX color extensions (UK)
 (/home/enigma/.TinyTeX/texmf-dist/tex/latex/graphics-cfg/color.cfg
File: color.cfg 2016/01/02 v1.6 sample color configuration
)
Package xcolor Info: Driver file: pdftex.def on input line 274.
 (/home/enigma/.TinyTeX/texmf-dist/tex/latex/graphics-def/pdftex.def
File: pdftex.def 2025/09/29 v1.2d Graphics/color driver for pdftex
) (/home/enigma/.TinyTeX/texmf-dist/tex/latex/graphics/mathcolor.ltx)
Package xcolor Info: Model `cmy' substituted by `cmy0' on input line 1349.
Package xcolor Info: Model `hsb' substituted by `rgb' on input line 1353.
Package xcolor Info: Model `RGB' extended on input line 1365.
Package xcolor Info: Model `HTML' substituted by `rgb' on input line 1367.
Package xcolor Info: Model `Hsb' substituted by `hsb' on input line 1368.
Package xcolor Info: Model `tHsb' substituted by `hsb' on input line 1369.
Package xcolor Info: Model `HSB' substituted by `hsb' on input line 1370.
Package xcolor Info: Model `Gray' substituted by `gray' on input line 1371.
Package xcolor Info: Model `wave' substituted by `hsb' on input line 1372.
) (/home/enigma/.TinyTeX/texmf-dist/tex/latex/hyperref/hyperref.sty
Package: hyperref 2026-04-24 v7.01q Hypertext links for LaTeX
 (/home/enigma/.TinyTeX/texmf-dist/tex/latex/kvsetkeys/kvsetkeys.sty
Package: kvsetkeys 2022-10-05 v1.19 Key value parser (HO)
) (/home/enigma/.TinyTeX/texmf-dist/tex/generic/kvdefinekeys/kvdefinekeys.sty
Package: kvdefinekeys 2019-12-19 v1.6 Define keys (HO)
) (/home/enigma/.TinyTeX/texmf-dist/tex/generic/pdfescape/pdfescape.sty
Package: pdfescape 2019/12/09 v1.15 Implements pdfTeX's escape features (HO)
 (/home/enigma/.TinyTeX/texmf-dist/tex/generic/ltxcmds/ltxcmds.sty
Package: ltxcmds 2023-12-04 v1.26 LaTeX kernel commands for general use (HO)
) (/home/enigma/.TinyTeX/texmf-dist/tex/generic/pdftexcmds/pdftexcmds.sty
Package: pdftexcmds 2020-06-27 v0.33 Utility functions of pdfTeX for LuaTeX (HO)
 (/home/enigma/.TinyTeX/texmf-dist/tex/generic/infwarerr/infwarerr.sty
Package: infwarerr 2019/12/03 v1.5 Providing info/warning/error messages (HO)
)
Package pdftexcmds Info: \pdf@primitive is available.
Package pdftexcmds Info: \pdf@ifprimitive is available.
Package pdftexcmds Info: \pdfdraftmode found.
)) (/home/enigma/.TinyTeX/texmf-dist/tex/latex/hycolor/hycolor.sty
Package: hycolor 2020-01-27 v1.10 Color options for hyperref/bookmark (HO)
) (/home/enigma/.TinyTeX/texmf-dist/tex/latex/hyperref/nameref.sty
Package: nameref 2026-01-29 v2.58 Cross-referencing by name of section
 (/home/enigma/.TinyTeX/texmf-dist/tex/latex/refcount/refcount.sty
Package: refcount 2019/12/15 v3.6 Data extraction from label references (HO)
) (/home/enigma/.TinyTeX/texmf-dist/tex/generic/gettitlestring/gettitlestring.sty
Package: gettitlestring 2019/12/15 v1.6 Cleanup title references (HO)
 (/home/enigma/.TinyTeX/texmf-dist/tex/latex/kvoptions/kvoptions.sty
Package: kvoptions 2022-06-15 v3.15 Key value format for package options (HO)
))
\c@section@level=\count292
) (/home/enigma/.TinyTeX/texmf-dist/tex/latex/etoolbox/etoolbox.sty
Package: etoolbox 2025/10/02 v2.5m e-TeX tools for LaTeX (JAW)
\etb@tempcnta=\count293
) (/home/enigma/.TinyTeX/texmf-dist/tex/generic/stringenc/stringenc.sty
Package: stringenc 2019/11/29 v1.12 Convert strings between diff. encodings (HO)
)
\@linkdim=\dimen160
\Hy@linkcounter=\count294
\Hy@pagecounter=\count295
 (/home/enigma/.TinyTeX/texmf-dist/tex/latex/hyperref/pd1enc.def
File: pd1enc.def 2026-04-24 v7.01q Hyperref: PDFDocEncoding definition (HO)
Now handling font encoding PD1 ...
... no UTF-8 mapping file for font encoding PD1
) (/home/enigma/.TinyTeX/texmf-dist/tex/generic/intcalc/intcalc.sty
Package: intcalc 2019/12/15 v1.3 Expandable calculations with integers (HO)
)
\Hy@SavedSpaceFactor=\count296
 (/home/enigma/.TinyTeX/texmf-dist/tex/latex/hyperref/puenc.def
File: puenc.def 2026-04-24 v7.01q Hyperref: PDF Unicode definition (HO)
Now handling font encoding PU ...
... no UTF-8 mapping file for font encoding PU
)
Package hyperref Info: Hyper figures OFF on input line 4199.
Package hyperref Info: Link nesting OFF on input line 4204.
Package hyperref Info: Hyper index ON on input line 4207.
Package hyperref Info: Plain pages OFF on input line 4214.
Package hyperref Info: Backreferencing OFF on input line 4219.
Package hyperref Info: Implicit mode ON; LaTeX internals redefined.
Package hyperref Info: Bookmarks ON on input line 4466.
\c@Hy@tempcnt=\count297
 (/home/enigma/.TinyTeX/texmf-dist/tex/latex/url/url.sty
\Urlmuskip=\muskip17
Package: url 2013/09/16  ver 3.4  Verb mode for urls, etc.
)
LaTeX Info: Redefining \url on input line 4805.
\XeTeXLinkMargin=\dimen161
 (/home/enigma/.TinyTeX/texmf-dist/tex/generic/bitset/bitset.sty
Package: bitset 2019/12/09 v1.3 Handle bit-vector datatype (HO)
 (/home/enigma/.TinyTeX/texmf-dist/tex/generic/bigintcalc/bigintcalc.sty
Package: bigintcalc 2019/12/15 v1.5 Expandable calculations on big integers (HO)
))
\Fld@menulength=\count298
\Field@Width=\dimen162
\Fld@charsize=\dimen163
Package hyperref Info: Hyper figures OFF on input line 6091.
Package hyperref Info: Link nesting OFF on input line 6096.
Package hyperref Info: Hyper index ON on input line 6099.
Package hyperref Info: backreferencing OFF on input line 6106.
Package hyperref Info: Link coloring OFF on input line 6111.
Package hyperref Info: Link coloring with OCG OFF on input line 6116.
Package hyperref Info: PDF/A mode OFF on input line 6121.
\Hy@abspage=\count299
\c@Item=\count300
\c@Hfootnote=\count301
)
Package hyperref Info: Driver (autodetected): hpdftex.
 (/home/enigma/.TinyTeX/texmf-dist/tex/latex/hyperref/hpdftex.def
File: hpdftex.def 2026-04-24 v7.01q Hyperref driver for pdfTeX
\Fld@listcount=\count302
\c@bookmark@seq@number=\count303
 (/home/enigma/.TinyTeX/texmf-dist/tex/latex/rerunfilecheck/rerunfilecheck.sty
Package: rerunfilecheck 2025-06-21 v1.11 Rerun checks for auxiliary files (HO)
 (/home/enigma/.TinyTeX/texmf-dist/tex/generic/uniquecounter/uniquecounter.sty
Package: uniquecounter 2019/12/15 v1.4 Provide unlimited unique counter (HO)
)
Package uniquecounter Info: New unique counter `rerunfilecheck' on input line 284.
)
\Hy@SectionHShift=\skip51
) (/home/enigma/.TinyTeX/texmf-dist/tex/latex/titlesec/titlesec.sty
Package: titlesec 2025/01/04 v2.17 Sectioning titles
\ttl@box=\box53
\beforetitleunit=\skip52
\aftertitleunit=\skip53
\ttl@plus=\dimen164
\ttl@minus=\dimen165
\ttl@toksa=\toks24
\titlewidth=\dimen166
\titlewidthlast=\dimen167
\titlewidthfirst=\dimen168
) (/home/enigma/.TinyTeX/texmf-dist/tex/latex/tcolorbox/tcolorbox.sty
Package: tcolorbox 2025/11/28 version 6.9.0 text color boxes
 (/home/enigma/.TinyTeX/texmf-dist/tex/latex/pgf/frontendlayer/tikz.sty (/home/enigma/.TinyTeX/texmf-dist/tex/latex/pgf/basiclayer/pgf.sty (/home/enigma/.TinyTeX/texmf-dist/tex/latex/pgf/utilities/pgfrcs.sty (/home/enigma/.TinyTeX/texmf-dist/tex/generic/pgf/utilities/pgfutil-common.tex
\pgfutil@everybye=\toks25
\pgfutil@tempdima=\dimen169
\pgfutil@tempdimb=\dimen170
) (/home/enigma/.TinyTeX/texmf-dist/tex/generic/pgf/utilities/pgfutil-latex.def
\pgfutil@abb=\box54
) (/home/enigma/.TinyTeX/texmf-dist/tex/generic/pgf/utilities/pgfrcs.code.tex (/home/enigma/.TinyTeX/texmf-dist/tex/generic/pgf/pgf.revision.tex)
Package: pgfrcs 2025-08-29 v3.1.11a (3.1.11a)
))
Package: pgf 2025-08-29 v3.1.11a (3.1.11a)
 (/home/enigma/.TinyTeX/texmf-dist/tex/latex/pgf/basiclayer/pgfcore.sty (/home/enigma/.TinyTeX/texmf-dist/tex/latex/graphics/graphicx.sty
Package: graphicx 2024/12/31 v1.2e Enhanced LaTeX Graphics (DPC,SPQR)
 (/home/enigma/.TinyTeX/texmf-dist/tex/latex/graphics/graphics.sty
Package: graphics 2024/08/06 v1.4g Standard LaTeX Graphics (DPC,SPQR)
 (/home/enigma/.TinyTeX/texmf-dist/tex/latex/graphics/trig.sty
Package: trig 2023/12/02 v1.11 sin cos tan (DPC)
) (/home/enigma/.TinyTeX/texmf-dist/tex/latex/graphics-cfg/graphics.cfg
File: graphics.cfg 2016/06/04 v1.11 sample graphics configuration
)
Package graphics Info: Driver file: pdftex.def on input line 106.
)
\Gin@req@height=\dimen171
\Gin@req@width=\dimen172
) (/home/enigma/.TinyTeX/texmf-dist/tex/latex/pgf/systemlayer/pgfsys.sty (/home/enigma/.TinyTeX/texmf-dist/tex/generic/pgf/systemlayer/pgfsys.code.tex
Package: pgfsys 2025-08-29 v3.1.11a (3.1.11a)
 (/home/enigma/.TinyTeX/texmf-dist/tex/generic/pgf/utilities/pgfkeys.code.tex
\pgfkeys@pathtoks=\toks26
\pgfkeys@temptoks=\toks27
 (/home/enigma/.TinyTeX/texmf-dist/tex/generic/pgf/utilities/pgfkeyslibraryfiltered.code.tex
\pgfkeys@tmptoks=\toks28
))
\pgf@x=\dimen173
\pgf@y=\dimen174
\pgf@xa=\dimen175
\pgf@ya=\dimen176
\pgf@xb=\dimen177
\pgf@yb=\dimen178
\pgf@xc=\dimen179
\pgf@yc=\dimen180
\pgf@xd=\dimen181
\pgf@yd=\dimen182
\w@pgf@writea=\write3
\r@pgf@reada=\read3
\c@pgf@counta=\count304
\c@pgf@countb=\count305
\c@pgf@countc=\count306
\c@pgf@countd=\count307
\t@pgf@toka=\toks29
\t@pgf@tokb=\toks30
\t@pgf@tokc=\toks31
\pgf@sys@id@count=\count308
 (/home/enigma/.TinyTeX/texmf-dist/tex/generic/pgf/systemlayer/pgf.cfg
File: pgf.cfg 2025-08-29 v3.1.11a (3.1.11a)
)
Driver file for pgf: pgfsys-pdftex.def
 (/home/enigma/.TinyTeX/texmf-dist/tex/generic/pgf/systemlayer/pgfsys-pdftex.def
File: pgfsys-pdftex.def 2025-08-29 v3.1.11a (3.1.11a)
 (/home/enigma/.TinyTeX/texmf-dist/tex/generic/pgf/systemlayer/pgfsys-common-pdf.def
File: pgfsys-common-pdf.def 2025-08-29 v3.1.11a (3.1.11a)
))) (/home/enigma/.TinyTeX/texmf-dist/tex/generic/pgf/systemlayer/pgfsyssoftpath.code.tex
File: pgfsyssoftpath.code.tex 2025-08-29 v3.1.11a (3.1.11a)
\pgfsyssoftpath@smallbuffer@items=\count309
\pgfsyssoftpath@bigbuffer@items=\count310
) (/home/enigma/.TinyTeX/texmf-dist/tex/generic/pgf/systemlayer/pgfsysprotocol.code.tex
File: pgfsysprotocol.code.tex 2025-08-29 v3.1.11a (3.1.11a)
)) (/home/enigma/.TinyTeX/texmf-dist/tex/generic/pgf/basiclayer/pgfcore.code.tex
Package: pgfcore 2025-08-29 v3.1.11a (3.1.11a)
 (/home/enigma/.TinyTeX/texmf-dist/tex/generic/pgf/math/pgfmath.code.tex (/home/enigma/.TinyTeX/texmf-dist/tex/generic/pgf/math/pgfmathutil.code.tex) (/home/enigma/.TinyTeX/texmf-dist/tex/generic/pgf/math/pgfmathparser.code.tex
\pgfmath@dimen=\dimen183
\pgfmath@count=\count311
\pgfmath@box=\box55
\pgfmath@toks=\toks32
\pgfmath@stack@operand=\toks33
\pgfmath@stack@operation=\toks34
) (/home/enigma/.TinyTeX/texmf-dist/tex/generic/pgf/math/pgfmathfunctions.code.tex) (/home/enigma/.TinyTeX/texmf-dist/tex/generic/pgf/math/pgfmathfunctions.basic.code.tex) (/home/enigma/.TinyTeX/texmf-dist/tex/generic/pgf/math/pgfmathfunctions.trigonometric.code.tex) (/home/enigma/.TinyTeX/texmf-dist/tex/generic/pgf/math/pgfmathfunctions.random.code.tex) (/home/enigma/.TinyTeX/texmf-dist/tex/generic/pgf/math/pgfmathfunctions.comparison.code.tex) (/home/enigma/.TinyTeX/texmf-dist/tex/generic/pgf/math/pgfmathfunctions.base.code.tex) (/home/enigma/.TinyTeX/texmf-dist/tex/generic/pgf/math/pgfmathfunctions.round.code.tex) (/home/enigma/.TinyTeX/texmf-dist/tex/generic/pgf/math/pgfmathfunctions.misc.code.tex) (/home/enigma/.TinyTeX/texmf-dist/tex/generic/pgf/math/pgfmathfunctions.integerarithmetics.code.tex) (/home/enigma/.TinyTeX/texmf-dist/tex/generic/pgf/math/pgfmathcalc.code.tex) (/home/enigma/.TinyTeX/texmf-dist/tex/generic/pgf/math/pgfmathfloat.code.tex
\c@pgfmathroundto@lastzeros=\count312
)) (/home/enigma/.TinyTeX/texmf-dist/tex/generic/pgf/math/pgfint.code.tex) (/home/enigma/.TinyTeX/texmf-dist/tex/generic/pgf/basiclayer/pgfcorepoints.code.tex
File: pgfcorepoints.code.tex 2025-08-29 v3.1.11a (3.1.11a)
\pgf@picminx=\dimen184
\pgf@picmaxx=\dimen185
\pgf@picminy=\dimen186
\pgf@picmaxy=\dimen187
\pgf@pathminx=\dimen188
\pgf@pathmaxx=\dimen189
\pgf@pathminy=\dimen190
\pgf@pathmaxy=\dimen191
\pgf@xx=\dimen192
\pgf@xy=\dimen193
\pgf@yx=\dimen194
\pgf@yy=\dimen195
\pgf@zx=\dimen196
\pgf@zy=\dimen197
) (/home/enigma/.TinyTeX/texmf-dist/tex/generic/pgf/basiclayer/pgfcorepathconstruct.code.tex
File: pgfcorepathconstruct.code.tex 2025-08-29 v3.1.11a (3.1.11a)
\pgf@path@lastx=\dimen198
\pgf@path@lasty=\dimen199
) (/home/enigma/.TinyTeX/texmf-dist/tex/generic/pgf/basiclayer/pgfcorepathusage.code.tex
File: pgfcorepathusage.code.tex 2025-08-29 v3.1.11a (3.1.11a)
\pgf@shorten@end@additional=\dimen256
\pgf@shorten@start@additional=\dimen257
) (/home/enigma/.TinyTeX/texmf-dist/tex/generic/pgf/basiclayer/pgfcorescopes.code.tex
File: pgfcorescopes.code.tex 2025-08-29 v3.1.11a (3.1.11a)
\pgfpic=\box56
\pgf@hbox=\box57
\pgf@layerbox@main=\box58
\pgf@picture@serial@count=\count313
) (/home/enigma/.TinyTeX/texmf-dist/tex/generic/pgf/basiclayer/pgfcoregraphicstate.code.tex
File: pgfcoregraphicstate.code.tex 2025-08-29 v3.1.11a (3.1.11a)
\pgflinewidth=\dimen258
) (/home/enigma/.TinyTeX/texmf-dist/tex/generic/pgf/basiclayer/pgfcoretransformations.code.tex
File: pgfcoretransformations.code.tex 2025-08-29 v3.1.11a (3.1.11a)
\pgf@pt@x=\dimen259
\pgf@pt@y=\dimen260
\pgf@pt@temp=\dimen261
) (/home/enigma/.TinyTeX/texmf-dist/tex/generic/pgf/basiclayer/pgfcorequick.code.tex
File: pgfcorequick.code.tex 2025-08-29 v3.1.11a (3.1.11a)
) (/home/enigma/.TinyTeX/texmf-dist/tex/generic/pgf/basiclayer/pgfcoreobjects.code.tex
File: pgfcoreobjects.code.tex 2025-08-29 v3.1.11a (3.1.11a)
) (/home/enigma/.TinyTeX/texmf-dist/tex/generic/pgf/basiclayer/pgfcorepathprocessing.code.tex
File: pgfcorepathprocessing.code.tex 2025-08-29 v3.1.11a (3.1.11a)
) (/home/enigma/.TinyTeX/texmf-dist/tex/generic/pgf/basiclayer/pgfcorearrows.code.tex
File: pgfcorearrows.code.tex 2025-08-29 v3.1.11a (3.1.11a)
\pgfarrowsep=\dimen262
) (/home/enigma/.TinyTeX/texmf-dist/tex/generic/pgf/basiclayer/pgfcoreshade.code.tex
File: pgfcoreshade.code.tex 2025-08-29 v3.1.11a (3.1.11a)
\pgf@max=\dimen263
\pgf@sys@shading@range@num=\count314
\pgf@shadingcount=\count315
) (/home/enigma/.TinyTeX/texmf-dist/tex/generic/pgf/basiclayer/pgfcoreimage.code.tex
File: pgfcoreimage.code.tex 2025-08-29 v3.1.11a (3.1.11a)
) (/home/enigma/.TinyTeX/texmf-dist/tex/generic/pgf/basiclayer/pgfcoreexternal.code.tex
File: pgfcoreexternal.code.tex 2025-08-29 v3.1.11a (3.1.11a)
\pgfexternal@startupbox=\box59
) (/home/enigma/.TinyTeX/texmf-dist/tex/generic/pgf/basiclayer/pgfcorelayers.code.tex
File: pgfcorelayers.code.tex 2025-08-29 v3.1.11a (3.1.11a)
) (/home/enigma/.TinyTeX/texmf-dist/tex/generic/pgf/basiclayer/pgfcoretransparency.code.tex
File: pgfcoretransparency.code.tex 2025-08-29 v3.1.11a (3.1.11a)
) (/home/enigma/.TinyTeX/texmf-dist/tex/generic/pgf/basiclayer/pgfcorepatterns.code.tex
File: pgfcorepatterns.code.tex 2025-08-29 v3.1.11a (3.1.11a)
) (/home/enigma/.TinyTeX/texmf-dist/tex/generic/pgf/basiclayer/pgfcorerdf.code.tex
File: pgfcorerdf.code.tex 2025-08-29 v3.1.11a (3.1.11a)
))) (/home/enigma/.TinyTeX/texmf-dist/tex/generic/pgf/modules/pgfmoduleshapes.code.tex
File: pgfmoduleshapes.code.tex 2025-08-29 v3.1.11a (3.1.11a)
\pgfnodeparttextbox=\box60
) (/home/enigma/.TinyTeX/texmf-dist/tex/generic/pgf/modules/pgfmoduleplot.code.tex
File: pgfmoduleplot.code.tex 2025-08-29 v3.1.11a (3.1.11a)
) (/home/enigma/.TinyTeX/texmf-dist/tex/latex/pgf/compatibility/pgfcomp-version-0-65.sty
Package: pgfcomp-version-0-65 2025-08-29 v3.1.11a (3.1.11a)
\pgf@nodesepstart=\dimen264
\pgf@nodesepend=\dimen265
) (/home/enigma/.TinyTeX/texmf-dist/tex/latex/pgf/compatibility/pgfcomp-version-1-18.sty
Package: pgfcomp-version-1-18 2025-08-29 v3.1.11a (3.1.11a)
)) (/home/enigma/.TinyTeX/texmf-dist/tex/latex/pgf/utilities/pgffor.sty (/home/enigma/.TinyTeX/texmf-dist/tex/latex/pgf/utilities/pgfkeys.sty (/home/enigma/.TinyTeX/texmf-dist/tex/generic/pgf/utilities/pgfkeys.code.tex)) (/home/enigma/.TinyTeX/texmf-dist/tex/latex/pgf/math/pgfmath.sty (/home/enigma/.TinyTeX/texmf-dist/tex/generic/pgf/math/pgfmath.code.tex)) (/home/enigma/.TinyTeX/texmf-dist/tex/generic/pgf/utilities/pgffor.code.tex
Package: pgffor 2025-08-29 v3.1.11a (3.1.11a)
\pgffor@iter=\dimen266
\pgffor@skip=\dimen267
\pgffor@stack=\toks35
\pgffor@toks=\toks36
)) (/home/enigma/.TinyTeX/texmf-dist/tex/generic/pgf/frontendlayer/tikz/tikz.code.tex
Package: tikz 2025-08-29 v3.1.11a (3.1.11a)
 (/home/enigma/.TinyTeX/texmf-dist/tex/generic/pgf/libraries/pgflibraryplothandlers.code.tex
File: pgflibraryplothandlers.code.tex 2025-08-29 v3.1.11a (3.1.11a)
\pgf@plot@mark@count=\count316
\pgfplotmarksize=\dimen268
)
\tikz@lastx=\dimen269
\tikz@lasty=\dimen270
\tikz@lastxsaved=\dimen271
\tikz@lastysaved=\dimen272
\tikz@lastmovetox=\dimen273
\tikz@lastmovetoy=\dimen274
\tikzleveldistance=\dimen275
\tikzsiblingdistance=\dimen276
\tikz@figbox=\box61
\tikz@figbox@bg=\box62
\tikz@tempbox=\box63
\tikz@tempbox@bg=\box64
\tikztreelevel=\count317
\tikznumberofchildren=\count318
\tikznumberofcurrentchild=\count319
\tikz@fig@count=\count320
 (/home/enigma/.TinyTeX/texmf-dist/tex/generic/pgf/modules/pgfmodulematrix.code.tex
File: pgfmodulematrix.code.tex 2025-08-29 v3.1.11a (3.1.11a)
\pgfmatrixcurrentrow=\count321
\pgfmatrixcurrentcolumn=\count322
\pgf@matrix@numberofcolumns=\count323
)
\tikz@expandcount=\count324
 (/home/enigma/.TinyTeX/texmf-dist/tex/generic/pgf/frontendlayer/tikz/libraries/tikzlibrarytopaths.code.tex
File: tikzlibrarytopaths.code.tex 2025-08-29 v3.1.11a (3.1.11a)
))) (/home/enigma/.TinyTeX/texmf-dist/tex/latex/tools/verbatim.sty
Package: verbatim 2024-01-22 v1.5x LaTeX2e package for verbatim enhancements
\every@verbatim=\toks37
\verbatim@line=\toks38
\verbatim@in@stream=\read4
) (/home/enigma/.TinyTeX/texmf-dist/tex/latex/environ/environ.sty
Package: environ 2014/05/04 v0.3 A new way to define environments
 (/home/enigma/.TinyTeX/texmf-dist/tex/latex/trimspaces/trimspaces.sty
Package: trimspaces 2009/09/17 v1.1 Trim spaces around a token list
)
\@envbody=\toks39
)
\tcb@titlebox=\box65
\tcb@upperbox=\box66
\tcb@lowerbox=\box67
\tcb@phantombox=\box68
\c@tcbbreakpart=\count325
\c@tcblayer=\count326
\c@tcolorbox@number=\count327
\l__tcobox_tmpa_box=\box69
\l__tcobox_tmpa_dim=\dimen277
\tcb@temp=\box70
\tcb@temp=\box71
\tcb@temp=\box72
\tcb@temp=\box73
) (/home/enigma/.TinyTeX/texmf-dist/tex/latex/listings/listings.sty
\lst@mode=\count328
\lst@gtempboxa=\box74
\lst@token=\toks40
\lst@length=\count329
\lst@currlwidth=\dimen278
\lst@column=\count330
\lst@pos=\count331
\lst@lostspace=\dimen279
\lst@width=\dimen280
\lst@newlines=\count332
\lst@lineno=\count333
\lst@maxwidth=\dimen281
 (/home/enigma/.TinyTeX/texmf-dist/tex/latex/listings/lstpatch.sty
File: lstpatch.sty 2025/11/14 1.11b (Carsten Heinz)
) (/home/enigma/.TinyTeX/texmf-dist/tex/latex/listings/lstmisc.sty
File: lstmisc.sty 2025/11/14 1.11b (Carsten Heinz)
\c@lstnumber=\count334
\lst@skipnumbers=\count335
\lst@framebox=\box75
) (/home/enigma/.TinyTeX/texmf-dist/tex/latex/listings/listings.cfg
File: listings.cfg 2025/11/14 1.11b listings configuration
))
Package: listings 2025/11/14 1.11b (Carsten Heinz)

==> First Aid for listings.sty no longer applied!
    Expected:
        2024/09/23 1.10c (Carsten Heinz)
    but found:
        2025/11/14 1.11b (Carsten Heinz)
    so I'm assuming it got fixed.
(/home/enigma/.TinyTeX/texmf-dist/tex/latex/booktabs/booktabs.sty
Package: booktabs 2020/01/12 v1.61803398 Publication quality tables
\heavyrulewidth=\dimen282
\lightrulewidth=\dimen283
\cmidrulewidth=\dimen284
\belowrulesep=\dimen285
\belowbottomsep=\dimen286
\aboverulesep=\dimen287
\abovetopsep=\dimen288
\cmidrulesep=\dimen289
\cmidrulekern=\dimen290
\defaultaddspace=\dimen291
\@cmidla=\count336
\@cmidlb=\count337
\@aboverulesep=\dimen292
\@belowrulesep=\dimen293
\@thisruleclass=\count338
\@lastruleclass=\count339
\@thisrulewidth=\dimen294
) (/home/enigma/.TinyTeX/texmf-dist/tex/latex/enumitem/enumitem.sty
Package: enumitem 2025/02/06 v3.11 Customized lists
\enitkv@toks@=\toks41
\labelindent=\skip54
\enit@outerparindent=\dimen295
\enit@toks=\toks42
\enit@inbox=\box76
\enit@count@id=\count340
\enitdp@description=\count341
) (/home/enigma/.TinyTeX/texmf-dist/tex/latex/fancyhdr/fancyhdr.sty
Package: fancyhdr 2025/02/07 v5.2 Extensive control of page headers and footers
\f@nch@headwidth=\skip55
\f@nch@offset@elh=\skip56
\f@nch@offset@erh=\skip57
\f@nch@offset@olh=\skip58
\f@nch@offset@orh=\skip59
\f@nch@offset@elf=\skip60
\f@nch@offset@erf=\skip61
\f@nch@offset@olf=\skip62
\f@nch@offset@orf=\skip63
\f@nch@height=\skip64
\f@nch@footalignment=\skip65
\f@nch@widthL=\skip66
\f@nch@widthC=\skip67
\f@nch@widthR=\skip68
\@temptokenb=\toks43
) (/home/enigma/.TinyTeX/texmf-dist/tex/latex/amsmath/amsmath.sty
Package: amsmath 2025/07/09 v2.17z AMS math features
\@mathmargin=\skip69

For additional information on amsmath, use the `?' option.
(/home/enigma/.TinyTeX/texmf-dist/tex/latex/amsmath/amstext.sty
Package: amstext 2024/11/17 v2.01 AMS text
 (/home/enigma/.TinyTeX/texmf-dist/tex/latex/amsmath/amsgen.sty
File: amsgen.sty 1999/11/30 v2.0 generic functions
\@emptytoks=\toks44
\ex@=\dimen296
)) (/home/enigma/.TinyTeX/texmf-dist/tex/latex/amsmath/amsbsy.sty
Package: amsbsy 1999/11/29 v1.2d Bold Symbols
\pmbraise@=\dimen297
) (/home/enigma/.TinyTeX/texmf-dist/tex/latex/amsmath/amsopn.sty
Package: amsopn 2022/04/08 v2.04 operator names
)
\inf@bad=\count342
LaTeX Info: Redefining \frac on input line 233.
\uproot@=\count343
\leftroot@=\count344
LaTeX Info: Redefining \overline on input line 398.
LaTeX Info: Redefining \colon on input line 409.
\classnum@=\count345
\DOTSCASE@=\count346
LaTeX Info: Redefining \ldots on input line 495.
LaTeX Info: Redefining \dots on input line 498.
LaTeX Info: Redefining \cdots on input line 619.
\Mathstrutbox@=\box77
\strutbox@=\box78
LaTeX Info: Redefining \big on input line 721.
LaTeX Info: Redefining \Big on input line 722.
LaTeX Info: Redefining \bigg on input line 723.
LaTeX Info: Redefining \Bigg on input line 724.
\big@size=\dimen298
LaTeX Font Info:    Redeclaring font encoding OML on input line 742.
LaTeX Font Info:    Redeclaring font encoding OMS on input line 743.
\macc@depth=\count347
LaTeX Info: Redefining \bmod on input line 904.
LaTeX Info: Redefining \pmod on input line 909.
LaTeX Info: Redefining \smash on input line 939.
LaTeX Info: Redefining \relbar on input line 969.
LaTeX Info: Redefining \Relbar on input line 970.
\c@MaxMatrixCols=\count348
\dotsspace@=\muskip18
\c@parentequation=\count349
\dspbrk@lvl=\count350
\tag@help=\toks45
\row@=\count351
\column@=\count352
\maxfields@=\count353
\andhelp@=\toks46
\eqnshift@=\dimen299
\alignsep@=\dimen300
\tagshift@=\dimen301
\tagwidth@=\dimen302
\totwidth@=\dimen303
\lineht@=\dimen304
\@envbody=\toks47
\multlinegap=\skip70
\multlinetaggap=\skip71
\mathdisplay@stack=\toks48
LaTeX Info: Redefining \[ on input line 2950.
LaTeX Info: Redefining \] on input line 2951.
) (/home/enigma/.TinyTeX/texmf-dist/tex/latex/amsfonts/amssymb.sty
Package: amssymb 2013/01/14 v3.01 AMS font symbols
 (/home/enigma/.TinyTeX/texmf-dist/tex/latex/amsfonts/amsfonts.sty
Package: amsfonts 2013/01/14 v3.01 Basic AMSFonts support
\symAMSa=\mathgroup4
\symAMSb=\mathgroup5
LaTeX Font Info:    Redeclaring math symbol \hbar on input line 98.
LaTeX Font Info:    Overwriting math alphabet `\mathfrak' in version `bold'
(Font)                  U/euf/m/n --> U/euf/b/n on input line 106.
)) (/home/enigma/.TinyTeX/texmf-dist/tex/latex/tocloft/tocloft.sty
Package: tocloft 2017/08/31 v2.3i parameterised ToC, etc., typesetting
Package tocloft Info: The document has chapter divisions on input line 51.
\cftparskip=\skip72
\cftbeforetoctitleskip=\skip73
\cftaftertoctitleskip=\skip74
\cftbeforepartskip=\skip75
\cftpartnumwidth=\skip76
\cftpartindent=\skip77
\cftbeforechapskip=\skip78
\cftchapindent=\skip79
\cftchapnumwidth=\skip80
\cftbeforesecskip=\skip81
\cftsecindent=\skip82
\cftsecnumwidth=\skip83
\cftbeforesubsecskip=\skip84
\cftsubsecindent=\skip85
\cftsubsecnumwidth=\skip86
\cftbeforesubsubsecskip=\skip87
\cftsubsubsecindent=\skip88
\cftsubsubsecnumwidth=\skip89
\cftbeforeparaskip=\skip90
\cftparaindent=\skip91
\cftparanumwidth=\skip92
\cftbeforesubparaskip=\skip93
\cftsubparaindent=\skip94
\cftsubparanumwidth=\skip95
\cftbeforeloftitleskip=\skip96
\cftafterloftitleskip=\skip97
\cftbeforefigskip=\skip98
\cftfigindent=\skip99
\cftfignumwidth=\skip100
\c@lofdepth=\count354
\c@lotdepth=\count355
\cftbeforelottitleskip=\skip101
\cftafterlottitleskip=\skip102
\cftbeforetabskip=\skip103
\cfttabindent=\skip104
\cfttabnumwidth=\skip105
) (/home/enigma/.TinyTeX/texmf-dist/tex/latex/tools/array.sty
Package: array 2025/09/25 v2.6n Tabular extension package (FMi)
\col@sep=\dimen305
\ar@mcellbox=\box79
\extrarowheight=\dimen306
\NC@list=\toks49
\extratabsurround=\skip106
\backup@length=\skip107
\ar@cellbox=\box80
) (/home/enigma/.TinyTeX/texmf-dist/tex/latex/tools/longtable.sty
Package: longtable 2025-10-13 v4.24 Multi-page Table package (DPC)
\LTleft=\skip108
\LTright=\skip109
\LTpre=\skip110
\LTpost=\skip111
\LTchunksize=\count356
\LTcapwidth=\dimen307
\LT@head=\box81
\LT@firsthead=\box82
\LT@foot=\box83
\LT@lastfoot=\box84
\LT@gbox=\box85
\LT@cols=\count357
\LT@rows=\count358
\c@LT@tables=\count359
\c@LT@chunks=\count360
\LT@p@ftn=\toks50
) (/home/enigma/.TinyTeX/texmf-dist/tex/latex/tools/tabularx.sty
Package: tabularx 2023/12/11 v2.12a `tabularx' package (DPC)
\TX@col@width=\dimen308
\TX@old@table=\dimen309
\TX@old@col=\dimen310
\TX@target=\dimen311
\TX@delta=\dimen312
\TX@cols=\count361
\TX@ftn=\toks51
)
Package hyperref Info: Option `colorlinks' set `true' on input line 60.
LaTeX Font Info:    Trying to load font information for T1+Roboto-LF on input line 113.
 (/home/enigma/.TinyTeX/texmf-dist/tex/latex/roboto/T1Roboto-LF.fd
File: T1Roboto-LF.fd 2019/12/11 (autoinst) Font definitions for T1/Roboto-LF.
)
LaTeX Font Info:    Font shape `T1/Roboto-LF/m/n' aliased to
(Font)              `T1/Roboto-LF/regular/n' on input line 113.
LaTeX Font Info:    Font shape `T1/Roboto-LF/regular/n' will be
(Font)              scaled to size 10.95pt on input line 113.
 (/home/enigma/.TinyTeX/texmf-dist/tex/latex/l3backend/l3backend-pdftex.def
File: l3backend-pdftex.def 2026-02-18 L3 backend support: PDF output (pdfTeX)
\l__color_backend_stack_int=\count362
) (./guia_entrevista_senior_enigma_focus.aux
LaTeX Info: Redefining \. on input line 11.
LaTeX Info: Redefining \% on input line 11.
Package babel Info: 'spanish' activates 'spanish' shorthands.
(babel)             Reported on input line 11.
)
\openout1 = `guia_entrevista_senior_enigma_focus.aux'.

LaTeX Font Info:    Checking defaults for OML/cmm/m/it on input line 113.
LaTeX Font Info:    ... okay on input line 113.
LaTeX Font Info:    Checking defaults for OMS/cmsy/m/n on input line 113.
LaTeX Font Info:    ... okay on input line 113.
LaTeX Font Info:    Checking defaults for OT1/cmr/m/n on input line 113.
LaTeX Font Info:    ... okay on input line 113.
LaTeX Font Info:    Checking defaults for T1/cmr/m/n on input line 113.
LaTeX Font Info:    ... okay on input line 113.
LaTeX Font Info:    Checking defaults for TS1/cmr/m/n on input line 113.
LaTeX Font Info:    ... okay on input line 113.
LaTeX Font Info:    Checking defaults for OMX/cmex/m/n on input line 113.
LaTeX Font Info:    ... okay on input line 113.
LaTeX Font Info:    Checking defaults for U/cmr/m/n on input line 113.
LaTeX Font Info:    ... okay on input line 113.
LaTeX Font Info:    Checking defaults for PD1/pdf/m/n on input line 113.
LaTeX Font Info:    ... okay on input line 113.
LaTeX Font Info:    Checking defaults for PU/pdf/m/n on input line 113.
LaTeX Font Info:    ... okay on input line 113.
LaTeX Info: Redefining \. on input line 113.
LaTeX Info: Redefining \% on input line 113.
\c@mv@tabular=\count363
\c@mv@boldtabular=\count364

*geometry* driver: auto-detecting
*geometry* detected driver: pdftex
*geometry* verbose mode - [ preamble ] result:
* driver: pdftex
* paper: a4paper
* layout: <same size as paper>
* layoutoffset:(h,v)=(0.0pt,0.0pt)
* modes: 
* h-part:(L,W,R)=(62.59596pt, 472.31595pt, 62.59596pt)
* v-part:(T,H,B)=(62.59596pt, 719.85492pt, 62.59596pt)
* \paperwidth=597.50787pt
* \paperheight=845.04684pt
* \textwidth=472.31595pt
* \textheight=719.85492pt
* \oddsidemargin=-9.67403pt
* \evensidemargin=-9.67403pt
* \topmargin=-62.67403pt
* \headheight=28.0pt
* \headsep=25.0pt
* \topskip=11.0pt
* \footskip=25.0pt
* \marginparwidth=50.0pt
* \marginparsep=10.0pt
* \columnsep=10.0pt
* \skip\footins=10.0pt plus 4.0pt minus 2.0pt
* \hoffset=0.0pt
* \voffset=0.0pt
* \mag=1000
* \@twocolumnfalse
* \@twosidefalse
* \@mparswitchfalse
* \@reversemarginfalse
* (1in=72.27pt=25.4mm, 1cm=28.453pt)

(/home/enigma/.TinyTeX/texmf-dist/tex/latex/epstopdf-pkg/epstopdf-base.sty
Package: epstopdf-base 2020-01-24 v2.11 Base part for package epstopdf
Package epstopdf-base Info: Redefining graphics rule for `.eps' on input line 485.
 (/home/enigma/.TinyTeX/texmf-dist/tex/latex/latexconfig/epstopdf-sys.cfg
File: epstopdf-sys.cfg 2010/07/13 v1.3 Configuration of (r)epstopdf for TeX Live
))
Package hyperref Info: Link coloring ON on input line 113.
 (./guia_entrevista_senior_enigma_focus.out) (./guia_entrevista_senior_enigma_focus.out)
\@outlinefile=\write4
\openout4 = `guia_entrevista_senior_enigma_focus.out'.

\c@lstlisting=\count365
LaTeX Font Info:    Font shape `T1/Roboto-LF/m/n' aliased to
(Font)              `T1/Roboto-LF/regular/n' on input line 122.
LaTeX Font Info:    Font shape `T1/Roboto-LF/regular/n' will be
(Font)              scaled to size 24.88pt on input line 122.
LaTeX Font Info:    Font shape `T1/Roboto-LF/b/n' aliased to
(Font)              `T1/Roboto-LF/bold/n' on input line 122.
LaTeX Font Info:    Font shape `T1/Roboto-LF/bold/n' will be
(Font)              scaled to size 24.88pt on input line 122.
LaTeX Font Info:    Font shape `T1/Roboto-LF/m/n' aliased to
(Font)              `T1/Roboto-LF/regular/n' on input line 123.
LaTeX Font Info:    Font shape `T1/Roboto-LF/regular/n' will be
(Font)              scaled to size 17.28pt on input line 123.
LaTeX Font Info:    Font shape `T1/Roboto-LF/b/n' aliased to
(Font)              `T1/Roboto-LF/bold/n' on input line 123.
LaTeX Font Info:    Font shape `T1/Roboto-LF/bold/n' will be
(Font)              scaled to size 17.28pt on input line 123.
LaTeX Font Info:    Font shape `T1/Roboto-LF/m/n' aliased to
(Font)              `T1/Roboto-LF/regular/n' on input line 126.
LaTeX Font Info:    Font shape `T1/Roboto-LF/regular/n' will be
(Font)              scaled to size 12.0pt on input line 126.
LaTeX Font Info:    Font shape `T1/Roboto-LF/b/n' aliased to
(Font)              `T1/Roboto-LF/bold/n' on input line 126.
LaTeX Font Info:    Font shape `T1/Roboto-LF/bold/n' will be
(Font)              scaled to size 12.0pt on input line 126.
LaTeX Font Info:    Font shape `T1/Roboto-LF/b/n' aliased to
(Font)              `T1/Roboto-LF/bold/n' on input line 131.
LaTeX Font Info:    Font shape `T1/Roboto-LF/bold/n' will be
(Font)              scaled to size 10.95pt on input line 131.
LaTeX Font Info:    Font shape `T1/Roboto-LF/m/n' aliased to
(Font)              `T1/Roboto-LF/regular/n' on input line 140.
LaTeX Font Info:    Font shape `T1/Roboto-LF/regular/n' will be
(Font)              scaled to size 10.0pt on input line 140.
LaTeX Font Info:    Trying to load font information for U+msa on input line 140.
 (/home/enigma/.TinyTeX/texmf-dist/tex/latex/amsfonts/umsa.fd
File: umsa.fd 2013/01/14 v3.01 AMS symbols A
)
LaTeX Font Info:    Trying to load font information for U+msb on input line 140.
 (/home/enigma/.TinyTeX/texmf-dist/tex/latex/amsfonts/umsb.fd
File: umsb.fd 2013/01/14 v3.01 AMS symbols B
) [1

{/home/enigma/.TinyTeX/texmf-var/fonts/map/pdftex/updmap/pdftex.map}{/home/enigma/.TinyTeX/texmf-dist/fonts/enc/dvips/roboto/rbto_b5rac7.enc}] (./guia_entrevista_senior_enigma_focus.toc
LaTeX Info: Redefining \. on input line 1.
LaTeX Info: Redefining \% on input line 1.

pdfTeX warning (ext4): destination with the same identifier (name{page.1}) has been already used, duplicate ignored
<to be read again> 
                   \relax 
l.38 ... sin Dependencias de Red}{21}{section.9.6}
                                                  % [1])
\tf@toc=\write5
\openout5 = `guia_entrevista_senior_enigma_focus.toc'.

LaTeX Info: Redefining \. on input line 149.
LaTeX Info: Redefining \% on input line 149.
Package babel Info: 'spanish' activates 'spanish' shorthands.
(babel)             Reported on input line 149.
LaTeX Font Info:    Font shape `T1/Roboto-LF/b/n' aliased to
(Font)              `T1/Roboto-LF/bold/n' on input line 149.
LaTeX Font Info:    Font shape `T1/Roboto-LF/bold/n' will be
(Font)              scaled to size 10.0pt on input line 149.
 [2]
Cap\'{\i }tulo 1.
LaTeX Font Info:    Font shape `T1/Roboto-LF/m/n' aliased to
(Font)              `T1/Roboto-LF/regular/n' on input line 154.
LaTeX Font Info:    Font shape `T1/Roboto-LF/regular/n' will be
(Font)              scaled to size 20.74pt on input line 154.
LaTeX Font Info:    Font shape `T1/Roboto-LF/b/n' aliased to
(Font)              `T1/Roboto-LF/bold/n' on input line 154.
LaTeX Font Info:    Font shape `T1/Roboto-LF/bold/n' will be
(Font)              scaled to size 20.74pt on input line 154.
LaTeX Font Info:    Font shape `T1/Roboto-LF/m/n' aliased to
(Font)              `T1/Roboto-LF/regular/n' on input line 156.
LaTeX Font Info:    Font shape `T1/Roboto-LF/regular/n' will be
(Font)              scaled to size 14.4pt on input line 156.
LaTeX Font Info:    Font shape `T1/Roboto-LF/b/n' aliased to
(Font)              `T1/Roboto-LF/bold/n' on input line 156.
LaTeX Font Info:    Font shape `T1/Roboto-LF/bold/n' will be
(Font)              scaled to size 14.4pt on input line 156.
LaTeX Font Info:    Font shape `T1/Roboto-LF/m/it' aliased to
(Font)              `T1/Roboto-LF/regular/it' on input line 157.
LaTeX Font Info:    Font shape `T1/Roboto-LF/regular/it' will be
(Font)              scaled to size 10.95pt on input line 157.
[3

]
LaTeX Info: Redefining \. on input line 202.
LaTeX Info: Redefining \% on input line 202.
 [4]
Cap\'{\i }tulo 2.

Overfull \hbox (1.20006pt too wide) in paragraph at lines 207--207
|\T1/Roboto-LF/bold/n/24.88 Arquitectura del Sis-tema, MVI/MVVM y De-
 []


Overfull \hbox (5.46544pt too wide) in paragraph at lines 219--221
\T1/Roboto-LF/regular/n/10.95 Flinger Dal-toniz-er), \T1/cmtt/m/n/10.95 BlockOverlayManager \T1/Roboto-LF/regular/n/10.95 (Win-dow-Man-ag-er TYPE_ACCESSIBILITY_OVERLAY)
 []


Overfull \hbox (87.64902pt too wide) in paragraph at lines 222--224
\T1/Roboto-LF/regular/n/10.95 pen-den-cia ab-so-lu-ta del ci-clo de vi-da de las ac-tivi-dades: \T1/cmtt/m/n/10.95 FocusAccessibilityService\T1/Roboto-LF/regular/n/10.95 , \T1/cmtt/m/n/10.95 FocusForegroundService
 []


Overfull \hbox (46.80301pt too wide) in paragraph at lines 225--227
[]\T1/Roboto-LF/bold/n/10.95 Capa de Datos y Per-sis-ten-cia (Da-ta Lay-er)\T1/Roboto-LF/regular/n/10.95 : Al-ma-ce-namien-to de pref-er-en-cias me-di-ante \T1/cmtt/m/n/10.95 AppPreferences
 []

LaTeX Font Info:    Font shape `T1/cmtt/bx/n' in size <14.4> not available
(Font)              Font shape `T1/cmtt/m/n' tried instead on input line 229.

Overfull \hbox (13.0667pt too wide) in paragraph at lines 230--231
[]\T1/Roboto-LF/regular/n/10.95 El es-ta-do glob-al de la in-ter-faz de usuario se mod-ela me-di-ante una \T1/cmtt/m/n/10.95 data class \T1/Roboto-LF/regular/n/10.95 in-mutable. Cualquier
 []

Package hyperref Info: bookmark level for unknown lstlisting defaults to 0 on input line 232.
LaTeX Font Info:    Font shape `T1/Roboto-LF/m/n' aliased to
(Font)              `T1/Roboto-LF/regular/n' on input line 233.
LaTeX Font Info:    Font shape `T1/Roboto-LF/regular/n' will be
(Font)              scaled to size 9.0pt on input line 233.
LaTeX Font Info:    Font shape `T1/Roboto-LF/m/n' aliased to
(Font)              `T1/Roboto-LF/regular/n' on input line 233.
LaTeX Font Info:    Font shape `T1/Roboto-LF/regular/n' will be
(Font)              scaled to size 6.0pt on input line 233.
LaTeX Font Info:    Font shape `T1/cmtt/bx/n' in size <9> not available
(Font)              Font shape `T1/cmtt/m/n' tried instead on input line 233.
[5

]
LaTeX Info: Redefining \. on input line 285.
LaTeX Info: Redefining \% on input line 285.
 [6]
Cap\'{\i }tulo 3.

Overfull \hbox (9.19054pt too wide) in paragraph at lines 311--311
|[]\T1/Roboto-LF/bold/n/14.4 Renderizado de Jet-pack Com-pose en TYPE_ACCESSIBILITY_OVERLAY| 
 []

[7

]
LaTeX Info: Redefining \. on input line 366.
LaTeX Info: Redefining \% on input line 366.
 [8]
Cap\'{\i }tulo 4.

Overfull \hbox (76.0477pt too wide) in paragraph at lines 374--375
[]\T1/Roboto-LF/regular/n/10.95 Para cer-rar cualquier vul-ner-a-bil-i-dad de ven-tanas flotantes o di-vi-siones de pan-talla, \T1/cmtt/m/n/10.95 FocusAccessibilityService
 []

[9

]
LaTeX Info: Redefining \. on input line 433.
LaTeX Info: Redefining \% on input line 433.
 [10]
Cap\'{\i }tulo 5.

Overfull \hbox (6.23155pt too wide) in paragraph at lines 441--442
\T1/Roboto-LF/regular/n/10.95 por-tarse e im-por-tarse en un úni-co doc-u-men-to es-truc-tura-do en for-ma-to JSON (\T1/cmtt/m/n/10.95 enigma_config.json\T1/Roboto-LF/regular/n/10.95 ). 
 []

[11

]
LaTeX Info: Redefining \. on input line 512.
LaTeX Info: Redefining \% on input line 512.
 [12]
Cap\'{\i }tulo 6.
[13

]
Cap\'{\i }tulo 7.

Overfull \hbox (49.82347pt too wide) in paragraph at lines 553--554
[]\T1/Roboto-LF/bold/n/10.95 Capa 2: Fore-ground Ser-vice con No-ti-fi-cación Con-tin-ua\T1/Roboto-LF/regular/n/10.95 : Uti-liza \T1/cmtt/m/n/10.95 FOREGROUND_SERVICE_TYPE_SPECIAL_USE
 []

[14

]
LaTeX Info: Redefining \. on input line 578.
LaTeX Info: Redefining \% on input line 578.
 [15]
Cap\'{\i }tulo 8.

Overfull \hbox (3.48892pt too wide) in paragraph at lines 583--583
|\T1/Roboto-LF/bold/n/24.88 Estrategia de Test-ing Au-tom-a-ti-za-do y Prue-
 []

[16

]
LaTeX Info: Redefining \. on input line 648.
LaTeX Info: Redefining \% on input line 648.
 [17]
Cap\'{\i }tulo 9.

Underfull \hbox (badness 10000) in paragraph at lines 661--665
\T1/Roboto-LF/regular/n/10.95 y \T1/cmtt/m/n/10.95 SavedStateRegistryOwner\T1/Roboto-LF/regular/n/10.95 . Al ad-jun-tar la vista con \T1/cmtt/m/n/10.95 windowManager.addView()\T1/Roboto-LF/regular/n/10.95 ,
 []


Underfull \hbox (badness 10000) in paragraph at lines 661--665
\T1/Roboto-LF/regular/n/10.95 vin-culé es-tos propi-etar-ios me-di-ante \T1/cmtt/m/n/10.95 setViewTreeLifecycleOwner \T1/Roboto-LF/regular/n/10.95 y
 []


Underfull \hbox (badness 10000) in paragraph at lines 661--665
\T1/cmtt/m/n/10.95 setViewTreeSavedStateRegistryOwner\T1/Roboto-LF/regular/n/10.95 . Al cer-rar la su-per-posi-ción, eje-cuté una se-
 []


Underfull \hbox (badness 10000) in paragraph at lines 671--675
[]\T1/Roboto-LF/bold/n/10.95 A (Ac-ción)[]\T1/Roboto-LF/regular/n/10.95 : Descarté la téc-ni-ca ha-bit-u-al de su-per-pon-er una vista trans-par-ente
 []


Underfull \hbox (badness 10000) in paragraph at lines 671--675
\T1/Roboto-LF/regular/n/10.95 con \T1/cmtt/m/n/10.95 ColorMatrixColorFilter \T1/Roboto-LF/regular/n/10.95 (que so-bre-car-ga la CPU al forzar re-renderizado
 []


Underfull \hbox (badness 10000) in paragraph at lines 671--675
\T1/Roboto-LF/regular/n/10.95 por soft-ware) y op-té por in-ter-ac-tu-ar di-rec-ta-mente con la con-fig-u-ración se-
 []


Underfull \hbox (badness 10000) in paragraph at lines 671--675
\T1/Roboto-LF/regular/n/10.95 gu-ra de ac-ce-si-bil-i-dad (\T1/cmtt/m/n/10.95 Settings.Secure.putInt\T1/Roboto-LF/regular/n/10.95 ) mod-i-f-i-can-do los reg-istros
 []

[18

]
Overfull \hbox (3.05975pt too wide) in paragraph at lines 677--677
|[]\T1/Roboto-LF/bold/n/14.4 Pregunta 3: Co-ex-is-ten-cia con la Pan-talla de Blo-queo del Sis-tema (Key-
 []


Overfull \hbox (8.54971pt too wide) in paragraph at lines 688--689
[]\T1/Roboto-LF/bold/n/10.95 Pregunta\T1/Roboto-LF/regular/n/10.95 : \T1/Roboto-LF/regular/it/10.95 ¾Có-mo evi-tas condi-ciones de car-rera cuan-do múlti-ples fuentes en se-gun-do plano (watch-
 []


Underfull \hbox (badness 3417) in paragraph at lines 691--695
[]\T1/Roboto-LF/bold/n/10.95 A (Ac-ción)[]\T1/Roboto-LF/regular/n/10.95 : Cen-tral-icé el es-ta-do en un úni-co \T1/cmtt/m/n/10.95 MutableStateFlow<MainUiState> \T1/Roboto-LF/regular/n/10.95 den-
 []


Underfull \hbox (badness 2277) in paragraph at lines 691--695
\T1/Roboto-LF/regular/n/10.95 tro de \T1/cmtt/m/n/10.95 MainScreenViewModel\T1/Roboto-LF/regular/n/10.95 . Las mu-ta-ciones se canal-izan ex-clu-si-va-mente me-di-ante
 []


Underfull \hbox (badness 10000) in paragraph at lines 691--695
\T1/Roboto-LF/regular/n/10.95 lla-madas atómi-cas con \T1/cmtt/m/n/10.95 update  state ->state.copy(...)  \T1/Roboto-LF/regular/n/10.95 so-bre el despachador
 []


Underfull \hbox (badness 10000) in paragraph at lines 691--695
\T1/Roboto-LF/regular/n/10.95 prin-ci-pal (\T1/cmtt/m/n/10.95 Dispatchers.Main.immediate\T1/Roboto-LF/regular/n/10.95 ), con-sum-i-das en Com-pose me-di-ante
 []


Underfull \hbox (badness 2134) in paragraph at lines 691--695
[]\T1/Roboto-LF/bold/n/10.95 R (Re-sul-ta-do)[]\T1/Roboto-LF/regular/n/10.95 : Se elim-i-naron por com-ple-to las condi-ciones de car-rera, garan-ti-zan-do
 []

LaTeX Info: Redefining \. on input line 696.
LaTeX Info: Redefining \% on input line 696.
[19]
Underfull \hbox (badness 1303) in paragraph at lines 701--705
\T1/Roboto-LF/regular/n/10.95 de 1.5 ms, elim-i-nan-do por com-ple-to los pi-cos de CPU y las fu-gas de in-stan-cias de
 []

LaTeX Info: Redefining \. on input line 707.
LaTeX Info: Redefining \% on input line 707.
[20]
Underfull \hbox (badness 10000) in paragraph at lines 718--719
[]\T1/Roboto-LF/bold/n/10.95 Justificación\T1/Roboto-LF/regular/n/10.95 : De-sacoplé la lóg-i-ca tem-po-ral en la fun-ción pu-ra
 []


Underfull \hbox (badness 10000) in paragraph at lines 718--719
\T1/cmtt/m/n/10.95 FocusInterval.isCurrentlyActive(calendar: Calendar)\T1/Roboto-LF/regular/n/10.95 . Al parametrizar la in-stan-
 []


Underfull \hbox (badness 2707) in paragraph at lines 724--725
\T1/Roboto-LF/regular/n/10.95 siste de for-ma transac-cional en \T1/cmtt/m/n/10.95 SharedPreferences \T1/Roboto-LF/regular/n/10.95 con mar-cas de tiem-po ab-so-lu-
 []

LaTeX Info: Redefining \. on input line 732.
LaTeX Info: Redefining \% on input line 732.
[21]
Overfull \hbox (63.17697pt too wide) in paragraph at lines 734--737
[]\T1/Roboto-LF/bold/n/10.95 Pregunta\T1/Roboto-LF/regular/n/10.95 : \T1/Roboto-LF/regular/it/10.95 ¾Có-mo lo-graste que cam-biar de id-ioma en la app sea in-stan-tá-neo sin in-vo-car \T1/cmtt/m/it/10.95 activity.recreate()\T1/Roboto-LF/regular/it/10.95 ? 
 []

LaTeX Info: Redefining \. on input line 739.
LaTeX Info: Redefining \% on input line 739.
[22]
Overfull \hbox (92.55469pt too wide) in paragraph at lines 754--757
[]\T1/Roboto-LF/bold/n/10.95 Pregunta\T1/Roboto-LF/regular/n/10.95 : \T1/Roboto-LF/regular/it/10.95 ¾Có-mo per-mi-tirías a usuar-ios no téc-ni-cos otor-gar per-misos priv-i-le-gia-dos co-mo WRITE_SECURE_SETTINGS
 []


Underfull \hbox (badness 5008) in paragraph at lines 762--763
[]\T1/Roboto-LF/bold/n/10.95 Técnicas\T1/Roboto-LF/regular/n/10.95 : Ex-clusión de metadatos de li-cen-cias du-pli-cadas (\T1/cmtt/m/n/10.95 resources.excludes +=
 []

LaTeX Info: Redefining \. on input line 765.
LaTeX Info: Redefining \% on input line 765.
[23]
LaTeX Info: Redefining \. on input line 771.
LaTeX Info: Redefining \% on input line 771.
 [24]
Underfull \hbox (badness 1590) in paragraph at lines 776--777
[]\T1/Roboto-LF/bold/n/10.95 Solución\T1/Roboto-LF/regular/n/10.95 : En Chrome, los pro-ce-sos de ren-der-iza-do web cor-ren en ser-vi-cios ais-la-dos
 []


Overfull \hbox (12.2396pt too wide) in paragraph at lines 785--785
|[]\T1/Roboto-LF/bold/n/14.4 Pregunta 18: Test-ing de Con-cur-ren-cia con Count-Down-Latch vs. Corou-
 []


Overfull \hbox (3.01648pt too wide) in paragraph at lines 791--791
|[]\T1/Roboto-LF/bold/n/14.4 Pregunta 19: De-tec-ción y Co-ex-is-ten-cia con Launch-ers de Fab-ri-cantes| 
 []


Overfull \hbox (9.07217pt too wide) in paragraph at lines 792--795
[]\T1/Roboto-LF/bold/n/10.95 Pregunta\T1/Roboto-LF/regular/n/10.95 : \T1/Roboto-LF/regular/it/10.95 ¾Por qué es fun-da-men-tal iden-ti-ficar el pa-que-te del Launch-er del sis-tema (\T1/cmtt/m/it/10.95 com.miui.home\T1/Roboto-LF/regular/it/10.95 ,
 []


Underfull \hbox (badness 10000) in paragraph at lines 800--801
[]\T1/Roboto-LF/bold/n/10.95 Solución\T1/Roboto-LF/regular/n/10.95 : El co-man-do broad-cast \T1/cmtt/m/n/10.95 .action.RELOAD_CONFIG \T1/Roboto-LF/regular/n/10.95 in-vo-ca
 []

LaTeX Info: Redefining \. on input line 801.
LaTeX Info: Redefining \% on input line 801.
[25]
LaTeX Info: Redefining \. on input line 803.
LaTeX Info: Redefining \% on input line 803.
 [26]
Underfull \hbox (badness 10000) in paragraph at lines 832--833
[]\T1/Roboto-LF/bold/n/10.95 Solución\T1/Roboto-LF/regular/n/10.95 : Se im-ple-men-ta \T1/cmtt/m/n/10.95 LazyColumn \T1/Roboto-LF/regular/n/10.95 con parámet-ros \T1/cmtt/m/n/10.95 key = { it.packageName }
 []


Underfull \hbox (badness 10000) in paragraph at lines 832--833
\T1/Roboto-LF/regular/n/10.95 ex-plíc-i-tos y el-e-men-tos mar-ca-dos con \T1/cmtt/m/n/10.95 @Immutable\T1/Roboto-LF/regular/n/10.95 . Para la búsque-da de apli-ca-
 []


Underfull \hbox (badness 1983) in paragraph at lines 832--833
\T1/Roboto-LF/regular/n/10.95 ciones, el fil-tra-do se proce-sa en el View-Mod-el con un op-er-ador \T1/cmtt/m/n/10.95 debounce(200ms) \T1/Roboto-LF/regular/n/10.95 y
 []

LaTeX Info: Redefining \. on input line 833.
LaTeX Info: Redefining \% on input line 833.
[27]
Overfull \hbox (93.50623pt too wide) in paragraph at lines 836--839
[]\T1/Roboto-LF/bold/n/10.95 Pregunta\T1/Roboto-LF/regular/n/10.95 : \T1/Roboto-LF/regular/it/10.95 ¾Có-mo debe com-por-tarse la apli-cación si el usuario nun-ca otor-ga el per-miso de WRITE_SECURE_SETTINGS
 []

LaTeX Info: Redefining \. on input line 841.
LaTeX Info: Redefining \% on input line 841.
[28]
Cap\'{\i }tulo 10.
[29

]
LaTeX Info: Redefining \. on input line 886.
LaTeX Info: Redefining \% on input line 886.
 [30]
Cap\'{\i }tulo 11.

Overfull \hbox (21.90015pt too wide) in paragraph at lines 891--891
|\T1/Roboto-LF/bold/n/24.88 Catálogo de Ejer-ci-cios Prác-ti-cos de Live Cod-
 []

[31

]
LaTeX Info: Redefining \. on input line 951.
LaTeX Info: Redefining \% on input line 951.
 [32]
LaTeX Info: Redefining \. on input line 1010.
LaTeX Info: Redefining \% on input line 1010.
 [33]
LaTeX Info: Redefining \. on input line 1013.
LaTeX Info: Redefining \% on input line 1013.
 [34]
Cap\'{\i }tulo 12.

Overfull \hbox (7.94247pt too wide) in paragraph at lines 1018--1018
|\T1/Roboto-LF/bold/n/24.88 Glosario Téc-ni-co de Sis-temas y Cheat Sheet
 []

(/home/enigma/.TinyTeX/texmf-dist/tex/latex/listings/lstlang1.sty
File: lstlang1.sty 2025/11/14 1.11b listings language file
) (/home/enigma/.TinyTeX/texmf-dist/tex/latex/listings/lstlang1.sty
File: lstlang1.sty 2025/11/14 1.11b listings language file
) [35

]
Cap\'{\i }tulo 13.

Overfull \hbox (27.77986pt too wide) in paragraph at lines 1076--1077
[]\T1/Roboto-LF/bold/n/10.95 Criterios de Éx-i-to\T1/Roboto-LF/regular/n/10.95 : Enig-ma Fo-cus mantiene una re-ten-ción ne-ta de 0 ob-je-tos \T1/cmtt/m/n/10.95 AccessibilityNodeInfo
 []

[36

]
LaTeX Info: Redefining \. on input line 1113.
LaTeX Info: Redefining \% on input line 1113.
 [37]
Cap\'{\i }tulo 14.
[38

]
Cap\'{\i }tulo 15.

Overfull \hbox (30.06688pt too wide) in paragraph at lines 1160--1161
[]\T1/Roboto-LF/bold/n/10.95 Latencia Mín-i-ma y Cero Fric-ción\T1/Roboto-LF/regular/n/10.95 : In-ter-cep-ción en menos de 20 ms me-di-ante \T1/cmtt/m/n/10.95 AccessibilityService
 []

LaTeX Font Info:    Font shape `T1/Roboto-LF/b/it' aliased to
(Font)              `T1/Roboto-LF/bold/it' on input line 1170.
LaTeX Font Info:    Font shape `T1/Roboto-LF/bold/it' will be
(Font)              scaled to size 10.95pt on input line 1170.

Overfull \hbox (42.80832pt too wide) in paragraph at lines 1170--1171
[]\T1/Roboto-LF/bold/n/10.95 Enfócate en los Com-pro-misos de Dis-eño (\T1/Roboto-LF/bold/it/10.95 Trade-offs\T1/Roboto-LF/bold/n/10.95 )\T1/Roboto-LF/regular/n/10.95 : Ex-pli-ca por qué se eligió \T1/cmtt/m/n/10.95 AccessibilityService
 []

[39

] (./guia_entrevista_senior_enigma_focus.aux
LaTeX Info: Redefining \. on input line 11.
LaTeX Info: Redefining \% on input line 11.
)
 ***********
LaTeX2e <2025-11-01>
L3 programming layer <2026-05-15>
 ***********
Package rerunfilecheck Info: File `guia_entrevista_senior_enigma_focus.out' has not changed.
(rerunfilecheck)             Checksum: 83341ED9B12EDB56133E365A8DF8F537;25979.
 ) 
Here is how much of TeX's memory you used:
 29438 strings out of 469330
 544558 string characters out of 5466130
 1399524 words of memory out of 5000000
 57245 multiletter control sequences out of 15000+600000
 731111 words of font info for 112 fonts, out of 8000000 for 9000
 14 hyphenation exceptions out of 8191
 116i,13n,121p,659b,2296s stack positions out of 10000i,1000n,20000p,200000b,200000s
 </home/enigma/.TinyTeX/texmf-var/fonts/pk/ljfour/jknappen/ec/ecit1095.600pk> </home/enigma/.TinyTeX/texmf-var/fonts/pk/ljfour/jknappen/ec/ecbx1000.600pk> </home/enigma/.TinyTeX/texmf-var/fonts/pk/ljfour/jknappen/ec/ecbx0900.600pk> </home/enigma/.TinyTeX/texmf-var/fonts/pk/ljfour/jknappen/ec/ecit0900.600pk> </home/enigma/.TinyTeX/texmf-var/fonts/pk/ljfour/jknappen/ec/ectt0900.600pk> </home/enigma/.TinyTeX/texmf-var/fonts/pk/ljfour/jknappen/ec/ectt1440.600pk> </home/enigma/.TinyTeX/texmf-var/fonts/pk/ljfour/jknappen/ec/ectt1000.600pk> </home/enigma/.TinyTeX/texmf-var/fonts/pk/ljfour/jknappen/ec/ectt1095.600pk></home/enigma/.TinyTeX/texmf-dist/fonts/type1/google/roboto/Roboto-Bold.pfb></home/enigma/.TinyTeX/texmf-dist/fonts/type1/google/roboto/Roboto-BoldItalic.pfb></home/enigma/.TinyTeX/texmf-dist/fonts/type1/google/roboto/Roboto-Italic.pfb></home/enigma/.TinyTeX/texmf-dist/fonts/type1/google/roboto/Roboto-Regular.pfb></home/enigma/.TinyTeX/texmf-dist/fonts/type1/public/amsfonts/cm/cmmi10.pfb></home/enigma/.TinyTeX/texmf-dist/fonts/type1/public/amsfonts/cm/cmr10.pfb></home/enigma/.TinyTeX/texmf-dist/fonts/type1/public/amsfonts/cm/cmsy10.pfb>
Output written on guia_entrevista_senior_enigma_focus.pdf (40 pages, 349796 bytes).
PDF statistics:
 1561 PDF objects out of 1728 (max. 8388607)
 1154 compressed objects within 12 object streams
 574 named destinations out of 1000 (max. 500000)
 629 words of extra memory for PDF output out of 10000 (max. 10000000)

